kotlin version: 2.1.0
error message: org.jetbrains.kotlin.backend.common.CompilationException: Back-end: Please report this problem https://kotl.in/issue
/home/hector/AndroidStudioProjects/TheLastOutpost/app/src/main/java/com/example/thelastoutpost/ui/GameFragment.kt:-1:-1
Details: Internal error in file lowering: java.lang.AssertionError: Error occurred while optimizing an expression:
CALL 'public abstract fun gameDao (): com.example.thelastoutpost.database.dao.GameDao declared in com.example.thelastoutpost.database.GameDatabase' type=com.example.thelastoutpost.database.dao.GameDao origin=null
  $this: CALL 'public final fun <get-database> (): com.example.thelastoutpost.database.GameDatabase declared in com.example.thelastoutpost.TheLastOutpostApplication' type=com.example.thelastoutpost.database.GameDatabase origin=GET_PROPERTY
    $this: GET_VAR 'val application: com.example.thelastoutpost.TheLastOutpostApplication [val] declared in com.example.thelastoutpost.ui.GameFragment.gameViewModel$delegate.<anonymous>' type=com.example.thelastoutpost.TheLastOutpostApplication origin=null

	at org.jetbrains.kotlin.ir.interpreter.transformer.IrConstEvaluationContext.canBeInterpreted(IrConstEvaluationContext.kt:74)
	at org.jetbrains.kotlin.ir.interpreter.transformer.IrConstExpressionTransformer.visitCall(IrConstExpressionTransformer.kt:39)
	at org.jetbrains.kotlin.ir.interpreter.transformer.IrConstExpressionTransformer.visitCall(IrConstExpressionTransformer.kt:24)
	at org.jetbrains.kotlin.ir.expressions.IrCall.accept(IrCall.kt:24)
	at org.jetbrains.kotlin.ir.expressions.IrExpression.transform(IrExpression.kt:24)
	at org.jetbrains.kotlin.ir.expressions.IrExpression.transform(IrExpression.kt:20)
	at org.jetbrains.kotlin.ir.util.TransformKt.transformInPlace(transform.kt:45)
	at org.jetbrains.kotlin.ir.expressions.IrMemberAccessExpression.transformChildren(IrMemberAccessExpression.kt:69)
	at org.jetbrains.kotlin.ir.visitors.IrElementTransformer$DefaultImpls.visitExpression(IrElementTransformer.kt:99)
	at org.jetbrains.kotlin.ir.visitors.IrTransformer.visitExpression(IrTransformer.kt:14)
	at org.jetbrains.kotlin.ir.visitors.IrElementTransformer$DefaultImpls.visitDeclarationReference(IrElementTransformer.kt:115)
	at org.jetbrains.kotlin.ir.visitors.IrTransformer.visitDeclarationReference(IrTransformer.kt:14)
	at org.jetbrains.kotlin.ir.visitors.IrElementTransformer$DefaultImpls.visitMemberAccess(IrElementTransformer.kt:118)
	at org.jetbrains.kotlin.ir.visitors.IrTransformer.visitMemberAccess(IrTransformer.kt:14)
	at org.jetbrains.kotlin.ir.visitors.IrElementTransformer$DefaultImpls.visitFunctionAccess(IrElementTransformer.kt:121)
	at org.jetbrains.kotlin.ir.visitors.IrTransformer.visitFunctionAccess(IrTransformer.kt:14)
	at org.jetbrains.kotlin.ir.visitors.IrElementTransformer$DefaultImpls.visitConstructorCall(IrElementTransformer.kt:124)
	at org.jetbrains.kotlin.ir.visitors.IrTransformer.visitConstructorCall(IrTransformer.kt:14)
	at org.jetbrains.kotlin.ir.visitors.IrTransformer.visitConstructorCall(IrTransformer.kt:14)
	at org.jetbrains.kotlin.ir.expressions.IrConstructorCall.accept(IrConstructorCall.kt:27)
	at org.jetbrains.kotlin.ir.expressions.IrExpression.transform(IrExpression.kt:24)
	at org.jetbrains.kotlin.ir.declarations.IrVariable.transformChildren(IrVariable.kt:43)
	at org.jetbrains.kotlin.ir.visitors.IrElementTransformer$DefaultImpls.visitDeclaration(IrElementTransformer.kt:31)
	at org.jetbrains.kotlin.ir.visitors.IrTransformer.visitDeclaration(IrTransformer.kt:14)
	at org.jetbrains.kotlin.ir.visitors.IrElementTransformer$DefaultImpls.visitVariable(IrElementTransformer.kt:83)
	at org.jetbrains.kotlin.ir.visitors.IrTransformer.visitVariable(IrTransformer.kt:14)
	at org.jetbrains.kotlin.ir.visitors.IrTransformer.visitVariable(IrTransformer.kt:14)
	at org.jetbrains.kotlin.ir.declarations.IrVariable.accept(IrVariable.kt:36)
	at org.jetbrains.kotlin.ir.IrElementBase.transform(IrElementBase.kt:33)
	at org.jetbrains.kotlin.ir.util.TransformKt.transformInPlace(transform.kt:35)
	at org.jetbrains.kotlin.ir.expressions.IrBlockBody.transformChildren(IrBlockBody.kt:27)
	at org.jetbrains.kotlin.ir.visitors.IrElementTransformer$DefaultImpls.visitBody(IrElementTransformer.kt:104)
	at org.jetbrains.kotlin.ir.visitors.IrTransformer.visitBody(IrTransformer.kt:14)
	at org.jetbrains.kotlin.ir.visitors.IrElementTransformer$DefaultImpls.visitBlockBody(IrElementTransformer.kt:112)
	at org.jetbrains.kotlin.ir.visitors.IrTransformer.visitBlockBody(IrTransformer.kt:14)
	at org.jetbrains.kotlin.ir.visitors.IrTransformer.visitBlockBody(IrTransformer.kt:14)
	at org.jetbrains.kotlin.ir.expressions.IrBlockBody.accept(IrBlockBody.kt:20)
	at org.jetbrains.kotlin.ir.expressions.IrBody.transform(IrBody.kt:20)
	at org.jetbrains.kotlin.ir.declarations.IrFunction.transformChildren(IrFunction.kt:65)
	at org.jetbrains.kotlin.ir.visitors.IrElementTransformer$DefaultImpls.visitDeclaration(IrElementTransformer.kt:31)
	at org.jetbrains.kotlin.ir.visitors.IrTransformer.visitDeclaration(IrTransformer.kt:14)
	at org.jetbrains.kotlin.ir.visitors.IrElementTransformer$DefaultImpls.visitFunction(IrElementTransformer.kt:48)
	at org.jetbrains.kotlin.ir.visitors.IrTransformer.visitFunction(IrTransformer.kt:14)
	at org.jetbrains.kotlin.ir.interpreter.transformer.IrConstExpressionTransformer.visitFunction(IrConstExpressionTransformer.kt:35)
	at org.jetbrains.kotlin.ir.interpreter.transformer.IrConstExpressionTransformer.visitFunction(IrConstExpressionTransformer.kt:24)
	at org.jetbrains.kotlin.ir.visitors.IrElementTransformer$DefaultImpls.visitSimpleFunction(IrElementTransformer.kt:77)
	at org.jetbrains.kotlin.ir.visitors.IrTransformer.visitSimpleFunction(IrTransformer.kt:14)
	at org.jetbrains.kotlin.ir.visitors.IrTransformer.visitSimpleFunction(IrTransformer.kt:14)
	at org.jetbrains.kotlin.ir.declarations.IrSimpleFunction.accept(IrSimpleFunction.kt:39)
	at org.jetbrains.kotlin.ir.IrElementBase.transform(IrElementBase.kt:33)
	at org.jetbrains.kotlin.ir.expressions.IrFunctionExpression.transformChildren(IrFunctionExpression.kt:31)
	at org.jetbrains.kotlin.ir.visitors.IrElementTransformer$DefaultImpls.visitExpression(IrElementTransformer.kt:99)
	at org.jetbrains.kotlin.ir.visitors.IrTransformer.visitExpression(IrTransformer.kt:14)
	at org.jetbrains.kotlin.ir.visitors.IrElementTransformer$DefaultImpls.visitFunctionExpression(IrElementTransformer.kt:231)
	at org.jetbrains.kotlin.ir.visitors.IrTransformer.visitFunctionExpression(IrTransformer.kt:14)
	at org.jetbrains.kotlin.ir.visitors.IrTransformer.visitFunctionExpression(IrTransformer.kt:14)
	at org.jetbrains.kotlin.ir.expressions.IrFunctionExpression.accept(IrFunctionExpression.kt:24)
	at org.jetbrains.kotlin.ir.expressions.IrExpression.transform(IrExpression.kt:24)
	at org.jetbrains.kotlin.ir.expressions.IrExpression.transform(IrExpression.kt:20)
	at org.jetbrains.kotlin.ir.util.TransformKt.transformInPlace(transform.kt:45)
	at org.jetbrains.kotlin.ir.expressions.IrMemberAccessExpression.transformChildren(IrMemberAccessExpression.kt:69)
	at org.jetbrains.kotlin.ir.visitors.IrElementTransformer$DefaultImpls.visitExpression(IrElementTransformer.kt:99)
	at org.jetbrains.kotlin.ir.visitors.IrTransformer.visitExpression(IrTransformer.kt:14)
	at org.jetbrains.kotlin.ir.visitors.IrElementTransformer$DefaultImpls.visitDeclarationReference(IrElementTransformer.kt:115)
	at org.jetbrains.kotlin.ir.visitors.IrTransformer.visitDeclarationReference(IrTransformer.kt:14)
	at org.jetbrains.kotlin.ir.visitors.IrElementTransformer$DefaultImpls.visitMemberAccess(IrElementTransformer.kt:118)
	at org.jetbrains.kotlin.ir.visitors.IrTransformer.visitMemberAccess(IrTransformer.kt:14)
	at org.jetbrains.kotlin.ir.visitors.IrElementTransformer$DefaultImpls.visitFunctionAccess(IrElementTransformer.kt:121)
	at org.jetbrains.kotlin.ir.visitors.IrTransformer.visitFunctionAccess(IrTransformer.kt:14)
	at org.jetbrains.kotlin.ir.visitors.IrElementTransformer$DefaultImpls.visitCall(IrElementTransformer.kt:166)
	at org.jetbrains.kotlin.ir.visitors.IrTransformer.visitCall(IrTransformer.kt:14)
	at org.jetbrains.kotlin.ir.interpreter.transformer.IrConstExpressionTransformer.visitCall(IrConstExpressionTransformer.kt:42)
	at org.jetbrains.kotlin.ir.interpreter.transformer.IrConstExpressionTransformer.visitCall(IrConstExpressionTransformer.kt:24)
	at org.jetbrains.kotlin.ir.expressions.IrCall.accept(IrCall.kt:24)
	at org.jetbrains.kotlin.ir.expressions.IrExpression.transform(IrExpression.kt:24)
	at org.jetbrains.kotlin.ir.expressions.IrExpressionBody.transformChildren(IrExpressionBody.kt:31)
	at org.jetbrains.kotlin.ir.visitors.IrElementTransformer$DefaultImpls.visitBody(IrElementTransformer.kt:104)
	at org.jetbrains.kotlin.ir.visitors.IrTransformer.visitBody(IrTransformer.kt:14)
	at org.jetbrains.kotlin.ir.visitors.IrElementTransformer$DefaultImpls.visitExpressionBody(IrElementTransformer.kt:109)
	at org.jetbrains.kotlin.ir.visitors.IrTransformer.visitExpressionBody(IrTransformer.kt:14)
	at org.jetbrains.kotlin.ir.visitors.IrTransformer.visitExpressionBody(IrTransformer.kt:14)
	at org.jetbrains.kotlin.ir.expressions.IrExpressionBody.accept(IrExpressionBody.kt:21)
	at org.jetbrains.kotlin.ir.expressions.IrExpressionBody.transform(IrExpressionBody.kt:24)
	at org.jetbrains.kotlin.ir.declarations.IrField.transformChildren(IrField.kt:47)
	at org.jetbrains.kotlin.ir.visitors.IrElementTransformer$DefaultImpls.visitDeclaration(IrElementTransformer.kt:31)
	at org.jetbrains.kotlin.ir.visitors.IrTransformer.visitDeclaration(IrTransformer.kt:14)
	at org.jetbrains.kotlin.ir.visitors.IrElementTransformer$DefaultImpls.visitField(IrElementTransformer.kt:60)
	at org.jetbrains.kotlin.ir.visitors.IrTransformer.visitField(IrTransformer.kt:14)
	at org.jetbrains.kotlin.ir.interpreter.transformer.IrConstExpressionTransformer.visitField(IrConstExpressionTransformer.kt:54)
	at org.jetbrains.kotlin.ir.interpreter.transformer.IrConstExpressionTransformer.visitField(IrConstExpressionTransformer.kt:24)
	at org.jetbrains.kotlin.ir.declarations.IrField.accept(IrField.kt:40)
	at org.jetbrains.kotlin.ir.IrElementBase.transform(IrElementBase.kt:33)
	at org.jetbrains.kotlin.ir.declarations.IrProperty.transformChildren(IrProperty.kt:54)
	at org.jetbrains.kotlin.ir.visitors.IrElementTransformer$DefaultImpls.visitDeclaration(IrElementTransformer.kt:31)
	at org.jetbrains.kotlin.ir.visitors.IrTransformer.visitDeclaration(IrTransformer.kt:14)
	at org.jetbrains.kotlin.ir.visitors.IrElementTransformer$DefaultImpls.visitProperty(IrElementTransformer.kt:71)
	at org.jetbrains.kotlin.ir.visitors.IrTransformer.visitProperty(IrTransformer.kt:14)
	at org.jetbrains.kotlin.ir.visitors.IrTransformer.visitProperty(IrTransformer.kt:14)
	at org.jetbrains.kotlin.ir.declarations.IrProperty.accept(IrProperty.kt:45)
	at org.jetbrains.kotlin.ir.IrElementBase.transform(IrElementBase.kt:33)
	at org.jetbrains.kotlin.ir.util.TransformKt.transformInPlace(transform.kt:35)
	at org.jetbrains.kotlin.ir.declarations.IrClass.transformChildren(IrClass.kt:82)
	at org.jetbrains.kotlin.ir.visitors.IrElementTransformer$DefaultImpls.visitDeclaration(IrElementTransformer.kt:31)
	at org.jetbrains.kotlin.ir.visitors.IrTransformer.visitDeclaration(IrTransformer.kt:14)
	at org.jetbrains.kotlin.ir.visitors.IrElementTransformer$DefaultImpls.visitClass(IrElementTransformer.kt:39)
	at org.jetbrains.kotlin.ir.visitors.IrTransformer.visitClass(IrTransformer.kt:14)
	at org.jetbrains.kotlin.ir.visitors.IrTransformer.visitClass(IrTransformer.kt:14)
	at org.jetbrains.kotlin.ir.declarations.IrClass.accept(IrClass.kt:72)
	at org.jetbrains.kotlin.ir.IrElementBase.transform(IrElementBase.kt:33)
	at org.jetbrains.kotlin.ir.util.TransformKt.transformInPlace(transform.kt:35)
	at org.jetbrains.kotlin.ir.declarations.IrFile.transformChildren(IrFile.kt:38)
	at org.jetbrains.kotlin.ir.visitors.IrElementTransformer$DefaultImpls.visitFile(IrElementTransformer.kt:94)
	at org.jetbrains.kotlin.ir.visitors.IrTransformer.visitFile(IrTransformer.kt:14)
	at org.jetbrains.kotlin.ir.visitors.IrTransformer.visitFile(IrTransformer.kt:14)
	at org.jetbrains.kotlin.ir.declarations.IrFile.accept(IrFile.kt:28)
	at org.jetbrains.kotlin.ir.declarations.IrFile.transform(IrFile.kt:31)
	at org.jetbrains.kotlin.ir.interpreter.transformer.IrConstTransformerKt.runConstOptimizations(IrConstTransformer.kt:77)
	at org.jetbrains.kotlin.backend.common.lower.ConstEvaluationLowering.lower(ConstEvaluationLowering.kt:36)
	at org.jetbrains.kotlin.backend.common.FileLoweringPass.lower(Lower.kt:42)
	at org.jetbrains.kotlin.backend.common.phaser.PhaseBuildersKt.makeIrModulePhase$lambda$5(PhaseBuilders.kt:110)
	at org.jetbrains.kotlin.backend.common.phaser.PhaseBuildersKt$createSimpleNamedCompilerPhase$1.phaseBody(PhaseBuilders.kt:69)
	at org.jetbrains.kotlin.backend.common.phaser.SimpleNamedCompilerPhase.phaseBody(CompilerPhase.kt:226)
	at org.jetbrains.kotlin.backend.common.phaser.AbstractNamedCompilerPhase.invoke(CompilerPhase.kt:113)
	at org.jetbrains.kotlin.backend.common.phaser.CompositePhase.invoke(PhaseBuilders.kt:27)
	at org.jetbrains.kotlin.backend.common.phaser.CompositePhase.invoke(PhaseBuilders.kt:14)
	at org.jetbrains.kotlin.backend.common.phaser.NamedCompilerPhase.phaseBody(CompilerPhase.kt:166)
	at org.jetbrains.kotlin.backend.common.phaser.AbstractNamedCompilerPhase.invoke(CompilerPhase.kt:113)
	at org.jetbrains.kotlin.backend.common.phaser.CompilerPhaseKt.invokeToplevel(CompilerPhase.kt:62)
	at org.jetbrains.kotlin.backend.jvm.JvmIrCodegenFactory.invokeLowerings(JvmIrCodegenFactory.kt:358)
	at org.jetbrains.kotlin.codegen.CodegenFactory.generateModule(CodegenFactory.kt:46)
	at org.jetbrains.kotlin.backend.jvm.JvmIrCodegenFactory.generateModuleInFrontendIRMode(JvmIrCodegenFactory.kt:433)
	at org.jetbrains.kotlin.cli.jvm.compiler.pipeline.JvmCompilerPipelineKt.generateCodeFromIr(jvmCompilerPipeline.kt:192)
	at org.jetbrains.kotlin.cli.jvm.compiler.pipeline.JvmCompilerPipelineKt.runBackend(jvmCompilerPipeline.kt:80)
	at org.jetbrains.kotlin.cli.jvm.compiler.pipeline.JvmCompilerPipelineLightTreeKt.compileModule(jvmCompilerPipelineLightTree.kt:264)
	at org.jetbrains.kotlin.cli.jvm.compiler.pipeline.JvmCompilerPipelineLightTreeKt.compileSingleModuleUsingFrontendIrAndLightTree(jvmCompilerPipelineLightTree.kt:231)
	at org.jetbrains.kotlin.cli.jvm.compiler.pipeline.JvmCompilerPipelineLightTreeKt.compileModulesUsingFrontendIrAndLightTree(jvmCompilerPipelineLightTree.kt:86)
	at org.jetbrains.kotlin.cli.jvm.K2JVMCompiler.doExecute(K2JVMCompiler.kt:146)
	at org.jetbrains.kotlin.cli.jvm.K2JVMCompiler.doExecute(K2JVMCompiler.kt:43)
	at org.jetbrains.kotlin.cli.common.CLICompiler.execImpl(CLICompiler.kt:102)
	at org.jetbrains.kotlin.cli.common.CLICompiler.exec(CLICompiler.kt:316)
	at org.jetbrains.kotlin.incremental.IncrementalJvmCompilerRunner.runCompiler(IncrementalJvmCompilerRunner.kt:464)
	at org.jetbrains.kotlin.incremental.IncrementalJvmCompilerRunner.runCompiler(IncrementalJvmCompilerRunner.kt:73)
	at org.jetbrains.kotlin.incremental.IncrementalCompilerRunner.doCompile(IncrementalCompilerRunner.kt:506)
	at org.jetbrains.kotlin.incremental.IncrementalCompilerRunner.compileImpl(IncrementalCompilerRunner.kt:423)
	at org.jetbrains.kotlin.incremental.IncrementalCompilerRunner.tryCompileIncrementally$lambda$9$compile(IncrementalCompilerRunner.kt:249)
	at org.jetbrains.kotlin.incremental.IncrementalCompilerRunner.tryCompileIncrementally(IncrementalCompilerRunner.kt:267)
	at org.jetbrains.kotlin.incremental.IncrementalCompilerRunner.compile(IncrementalCompilerRunner.kt:120)
	at org.jetbrains.kotlin.daemon.CompileServiceImplBase.execIncrementalCompiler(CompileServiceImpl.kt:674)
	at org.jetbrains.kotlin.daemon.CompileServiceImplBase.access$execIncrementalCompiler(CompileServiceImpl.kt:91)
	at org.jetbrains.kotlin.daemon.CompileServiceImpl.compile(CompileServiceImpl.kt:1659)
	at java.base/jdk.internal.reflect.DirectMethodHandleAccessor.invoke(DirectMethodHandleAccessor.java:103)
	at java.base/java.lang.reflect.Method.invoke(Method.java:580)
	at java.rmi/sun.rmi.server.UnicastServerRef.dispatch(UnicastServerRef.java:360)
	at java.rmi/sun.rmi.transport.Transport$1.run(Transport.java:200)
	at java.rmi/sun.rmi.transport.Transport$1.run(Transport.java:197)
	at java.base/java.security.AccessController.doPrivileged(AccessController.java:714)
	at java.rmi/sun.rmi.transport.Transport.serviceCall(Transport.java:196)
	at java.rmi/sun.rmi.transport.tcp.TCPTransport.handleMessages(TCPTransport.java:598)
	at java.rmi/sun.rmi.transport.tcp.TCPTransport$ConnectionHandler.run0(TCPTransport.java:844)
	at java.rmi/sun.rmi.transport.tcp.TCPTransport$ConnectionHandler.lambda$run$0(TCPTransport.java:721)
	at java.base/java.security.AccessController.doPrivileged(AccessController.java:400)
	at java.rmi/sun.rmi.transport.tcp.TCPTransport$ConnectionHandler.run(TCPTransport.java:720)
	at java.base/java.util.concurrent.ThreadPoolExecutor.runWorker(ThreadPoolExecutor.java:1144)
	at java.base/java.util.concurrent.ThreadPoolExecutor$Worker.run(ThreadPoolExecutor.java:642)
	at java.base/java.lang.Thread.run(Thread.java:1583)
Caused by: java.lang.AssertionError: Error occurred while optimizing an expression:
CALL 'public abstract fun gameDao (): com.example.thelastoutpost.database.dao.GameDao declared in com.example.thelastoutpost.database.GameDatabase' type=com.example.thelastoutpost.database.dao.GameDao origin=null
  $this: CALL 'public final fun <get-database> (): com.example.thelastoutpost.database.GameDatabase declared in com.example.thelastoutpost.TheLastOutpostApplication' type=com.example.thelastoutpost.database.GameDatabase origin=GET_PROPERTY
    $this: GET_VAR 'val application: com.example.thelastoutpost.TheLastOutpostApplication [val] declared in com.example.thelastoutpost.ui.GameFragment.gameViewModel$delegate.<anonymous>' type=com.example.thelastoutpost.TheLastOutpostApplication origin=null

	... 165 more
Caused by: java.io.FileNotFoundException: /home/hector/AndroidStudioProjects/TheLastOutpost/app/build/tmp/kotlin-classes/debug/com/example/thelastoutpost/model/SaveSlot.class (No existe el archivo o el directorio)
	at java.base/java.io.FileInputStream.open0(Native Method)
	at java.base/java.io.FileInputStream.open(FileInputStream.java:213)
	at java.base/java.io.FileInputStream.<init>(FileInputStream.java:152)
	at org.jetbrains.kotlin.com.intellij.openapi.util.io.FileUtil.loadFileBytes(FileUtil.java:211)
	at org.jetbrains.kotlin.cli.common.localfs.KotlinLocalVirtualFile.contentsToByteArray(KotlinLocalVirtualFile.kt:103)
	at org.jetbrains.kotlin.cli.jvm.compiler.KotlinCliJavaFileManagerImpl.findClass(KotlinCliJavaFileManagerImpl.kt:141)
	at org.jetbrains.kotlin.resolve.jvm.KotlinJavaPsiFacade$CliFinder.findClass(KotlinJavaPsiFacade.java:538)
	at org.jetbrains.kotlin.resolve.jvm.KotlinJavaPsiFacade.findClass(KotlinJavaPsiFacade.java:181)
	at org.jetbrains.kotlin.load.java.JavaClassFinderImpl.findClass(JavaClassFinderImpl.kt:46)
	at org.jetbrains.kotlin.fir.java.FirJavaFacade.findClass(FirJavaFacade.kt:70)
	at org.jetbrains.kotlin.fir.java.deserialization.JvmClassFileBasedSymbolProvider.extractClassMetadata(JvmClassFileBasedSymbolProvider.kt:175)
	at org.jetbrains.kotlin.fir.deserialization.AbstractFirDeserializedSymbolProvider.findAndDeserializeClass(AbstractFirDeserializedSymbolProvider.kt:229)
	at org.jetbrains.kotlin.fir.deserialization.AbstractFirDeserializedSymbolProvider.classCache$lambda$5(AbstractFirDeserializedSymbolProvider.kt:163)
	at org.jetbrains.kotlin.fir.caches.FirThreadUnsafeCacheWithPostCompute.getValue(FirThreadUnsafeCachesFactory.kt:58)
	at org.jetbrains.kotlin.fir.deserialization.AbstractFirDeserializedSymbolProvider.getClass(AbstractFirDeserializedSymbolProvider.kt:315)
	at org.jetbrains.kotlin.fir.deserialization.AbstractFirDeserializedSymbolProvider.getClass$default(AbstractFirDeserializedSymbolProvider.kt:298)
	at org.jetbrains.kotlin.fir.deserialization.AbstractFirDeserializedSymbolProvider.getClassLikeSymbolByClassId(AbstractFirDeserializedSymbolProvider.kt:372)
	at org.jetbrains.kotlin.fir.resolve.providers.impl.FirCachingCompositeSymbolProvider.computeClass(FirCachingCompositeSymbolProvider.kt:147)
	at org.jetbrains.kotlin.fir.resolve.providers.impl.FirCachingCompositeSymbolProvider.access$computeClass(FirCachingCompositeSymbolProvider.kt:27)
	at org.jetbrains.kotlin.fir.resolve.providers.impl.FirCachingCompositeSymbolProvider$special$$inlined$createCache$1.invoke(FirCachesFactory.kt:73)
	at org.jetbrains.kotlin.fir.resolve.providers.impl.FirCachingCompositeSymbolProvider$special$$inlined$createCache$1.invoke(FirCachesFactory.kt:71)
	at org.jetbrains.kotlin.fir.caches.FirThreadUnsafeCache.getValue(FirThreadUnsafeCachesFactory.kt:40)
	at org.jetbrains.kotlin.fir.resolve.providers.impl.FirCachingCompositeSymbolProvider.getClassLikeSymbolByClassId(FirCachingCompositeSymbolProvider.kt:174)
	at org.jetbrains.kotlin.fir.resolve.ToSymbolUtilsKt.toSymbol(ToSymbolUtils.kt:56)
	at org.jetbrains.kotlin.fir.resolve.ToSymbolUtilsKt.toTypeAliasSymbol(ToSymbolUtils.kt:76)
	at org.jetbrains.kotlin.fir.resolve.TypeExpansionUtilsKt.directExpansionType(TypeExpansionUtils.kt:124)
	at org.jetbrains.kotlin.fir.resolve.TypeExpansionUtilsKt.fullyExpandedTypeNoCache(TypeExpansionUtils.kt:111)
	at org.jetbrains.kotlin.fir.resolve.TypeExpansionUtilsKt.fullyExpandedType(TypeExpansionUtils.kt:45)
	at org.jetbrains.kotlin.fir.resolve.TypeExpansionUtilsKt.fullyExpandedType$default(TypeExpansionUtils.kt:35)
	at org.jetbrains.kotlin.fir.types.ConeInferenceContext.typeDepth(ConeInferenceContext.kt:173)
	at org.jetbrains.kotlin.fir.types.ConeInferenceContext.typeDepth(ConeInferenceContext.kt:163)
	at org.jetbrains.kotlin.fir.types.ConeInferenceContext.typeDepth(ConeInferenceContext.kt:181)
	at org.jetbrains.kotlin.fir.types.ConeInferenceContext.typeDepth(ConeInferenceContext.kt:163)
	at org.jetbrains.kotlin.types.AbstractTypeApproximator.typeDepth(AbstractTypeApproximator.kt)
	at org.jetbrains.kotlin.types.AbstractTypeApproximator.approximateToSuperType(AbstractTypeApproximator.kt:38)
	at org.jetbrains.kotlin.fir.types.ConeTypeApproximator.approximateToSuperType(ConeTypeApproximator.kt:17)
	at org.jetbrains.kotlin.fir.backend.Fir2IrTypeConverterKt.approximateForIrOrNull(Fir2IrTypeConverter.kt:387)
	at org.jetbrains.kotlin.fir.backend.Fir2IrTypeConverterKt.approximateForIrOrSelf(Fir2IrTypeConverter.kt:391)
	at org.jetbrains.kotlin.fir.backend.Fir2IrTypeConverter.toIrType(Fir2IrTypeConverter.kt:168)
	at org.jetbrains.kotlin.fir.backend.Fir2IrTypeConverter.toIrType$default(Fir2IrTypeConverter.kt:99)
	at org.jetbrains.kotlin.fir.backend.Fir2IrTypeConverterKt.toIrType(Fir2IrTypeConverter.kt:382)
	at org.jetbrains.kotlin.fir.backend.Fir2IrTypeConverterKt.toIrType$default(Fir2IrTypeConverter.kt:380)
	at org.jetbrains.kotlin.fir.backend.Fir2IrVisitor.visitGetClassCall(Fir2IrVisitor.kt:1633)
	at org.jetbrains.kotlin.fir.backend.Fir2IrVisitor.visitGetClassCall(Fir2IrVisitor.kt:65)
	at org.jetbrains.kotlin.fir.expressions.FirGetClassCall.accept(FirGetClassCall.kt:29)
	at org.jetbrains.kotlin.fir.backend.Fir2IrVisitor.convertToIrExpression$fir2ir(Fir2IrVisitor.kt:931)
	at org.jetbrains.kotlin.fir.backend.Fir2IrVisitor.convertToIrExpression$fir2ir$default(Fir2IrVisitor.kt:902)
	at org.jetbrains.kotlin.fir.backend.Fir2IrVisitor.convertToIrVarargElement(Fir2IrVisitor.kt:570)
	at org.jetbrains.kotlin.fir.backend.Fir2IrVisitor.convertToArrayLiteral(Fir2IrVisitor.kt:1697)
	at org.jetbrains.kotlin.fir.backend.Fir2IrVisitor.convertToIrExpression$fir2ir(Fir2IrVisitor.kt:930)
	at org.jetbrains.kotlin.fir.backend.Fir2IrVisitor.convertToIrExpression$fir2ir$default(Fir2IrVisitor.kt:902)
	at org.jetbrains.kotlin.fir.backend.generators.CallAndReferenceGenerator.convertArgument(CallAndReferenceGenerator.kt:1209)
	at org.jetbrains.kotlin.fir.backend.generators.CallAndReferenceGenerator.convertArguments(CallAndReferenceGenerator.kt:1179)
	at org.jetbrains.kotlin.fir.backend.generators.CallAndReferenceGenerator.applyArgumentsWithReorderingIfNeeded(CallAndReferenceGenerator.kt:1122)
	at org.jetbrains.kotlin.fir.backend.generators.CallAndReferenceGenerator.applyCallArguments$fir2ir(CallAndReferenceGenerator.kt:1050)
	at org.jetbrains.kotlin.fir.backend.generators.CallAndReferenceGenerator.convertToIrConstructorCall(CallAndReferenceGenerator.kt:959)
	at org.jetbrains.kotlin.fir.lazy.AbstractFir2IrLazyDeclaration.createLazyAnnotations$lambda$1(AbstractFir2IrLazyDeclaration.kt:31)
	at org.jetbrains.kotlin.ir.declarations.lazy.SynchronizedLazyVar.getValue(lazyUtil.kt:29)
	at org.jetbrains.kotlin.ir.declarations.lazy.SynchronizedLazyVar.getValue(lazyUtil.kt:40)
	at org.jetbrains.kotlin.fir.lazy.Fir2IrLazyClass.getAnnotations(Fir2IrLazyClass.kt:62)
	at org.jetbrains.kotlin.ir.interpreter.UtilsKt.hasAnnotation(Utils.kt:60)
	at org.jetbrains.kotlin.ir.interpreter.checker.EvaluationMode.isMarkedWith(EvaluationMode.kt:49)
	at org.jetbrains.kotlin.ir.interpreter.checker.EvaluationMode.isMarkedWith(EvaluationMode.kt:50)
	at org.jetbrains.kotlin.ir.interpreter.checker.EvaluationMode.isMarkedAsIntrinsicConstEvaluation(EvaluationMode.kt:45)
	at org.jetbrains.kotlin.ir.interpreter.checker.EvaluationMode$OnlyIntrinsicConst.canEvaluateFunction(EvaluationMode.kt:139)
	at org.jetbrains.kotlin.ir.interpreter.checker.IrInterpreterCommonChecker.visitCall(IrInterpreterCommonChecker.kt:63)
	at org.jetbrains.kotlin.ir.interpreter.checker.IrInterpreterCommonChecker.visitCall(IrInterpreterCommonChecker.kt:21)
	at org.jetbrains.kotlin.ir.expressions.IrCall.accept(IrCall.kt:24)
	at org.jetbrains.kotlin.ir.interpreter.transformer.IrConstEvaluationContext.canBeInterpreted(IrConstEvaluationContext.kt:68)
	... 164 more


error message: Daemon compilation failed: null
java.lang.Exception
	at org.jetbrains.kotlin.daemon.common.CompileService$CallResult$Error.get(CompileService.kt:69)
	at org.jetbrains.kotlin.daemon.common.CompileService$CallResult$Error.get(CompileService.kt:65)
	at org.jetbrains.kotlin.compilerRunner.GradleKotlinCompilerWork.compileWithDaemon(GradleKotlinCompilerWork.kt:240)
	at org.jetbrains.kotlin.compilerRunner.GradleKotlinCompilerWork.compileWithDaemonOrFallbackImpl(GradleKotlinCompilerWork.kt:159)
	at org.jetbrains.kotlin.compilerRunner.GradleKotlinCompilerWork.run(GradleKotlinCompilerWork.kt:111)
	at org.jetbrains.kotlin.compilerRunner.GradleCompilerRunnerWithWorkers$GradleKotlinCompilerWorkAction.execute(GradleCompilerRunnerWithWorkers.kt:76)
	at org.gradle.workers.internal.DefaultWorkerServer.execute(DefaultWorkerServer.java:63)
	at org.gradle.workers.internal.NoIsolationWorkerFactory$1$1.create(NoIsolationWorkerFactory.java:66)
	at org.gradle.workers.internal.NoIsolationWorkerFactory$1$1.create(NoIsolationWorkerFactory.java:62)
	at org.gradle.internal.classloader.ClassLoaderUtils.executeInClassloader(ClassLoaderUtils.java:100)
	at org.gradle.workers.internal.NoIsolationWorkerFactory$1.lambda$execute$0(NoIsolationWorkerFactory.java:62)
	at org.gradle.workers.internal.AbstractWorker$1.call(AbstractWorker.java:44)
	at org.gradle.workers.internal.AbstractWorker$1.call(AbstractWorker.java:41)
	at org.gradle.internal.operations.DefaultBuildOperationRunner$CallableBuildOperationWorker.execute(DefaultBuildOperationRunner.java:209)
	at org.gradle.internal.operations.DefaultBuildOperationRunner$CallableBuildOperationWorker.execute(DefaultBuildOperationRunner.java:204)
	at org.gradle.internal.operations.DefaultBuildOperationRunner$2.execute(DefaultBuildOperationRunner.java:66)
	at org.gradle.internal.operations.DefaultBuildOperationRunner$2.execute(DefaultBuildOperationRunner.java:59)
	at org.gradle.internal.operations.DefaultBuildOperationRunner.execute(DefaultBuildOperationRunner.java:166)
	at org.gradle.internal.operations.DefaultBuildOperationRunner.execute(DefaultBuildOperationRunner.java:59)
	at org.gradle.internal.operations.DefaultBuildOperationRunner.call(DefaultBuildOperationRunner.java:53)
	at org.gradle.workers.internal.AbstractWorker.executeWrappedInBuildOperation(AbstractWorker.java:41)
	at org.gradle.workers.internal.NoIsolationWorkerFactory$1.execute(NoIsolationWorkerFactory.java:59)
	at org.gradle.workers.internal.DefaultWorkerExecutor.lambda$submitWork$0(DefaultWorkerExecutor.java:174)
	at java.base/java.util.concurrent.FutureTask.run(Unknown Source)
	at org.gradle.internal.work.DefaultConditionalExecutionQueue$ExecutionRunner.runExecution(DefaultConditionalExecutionQueue.java:194)
	at org.gradle.internal.work.DefaultConditionalExecutionQueue$ExecutionRunner.access$700(DefaultConditionalExecutionQueue.java:127)
	at org.gradle.internal.work.DefaultConditionalExecutionQueue$ExecutionRunner$1.run(DefaultConditionalExecutionQueue.java:169)
	at org.gradle.internal.Factories$1.create(Factories.java:31)
	at org.gradle.internal.work.DefaultWorkerLeaseService.withLocks(DefaultWorkerLeaseService.java:263)
	at org.gradle.internal.work.DefaultWorkerLeaseService.runAsWorkerThread(DefaultWorkerLeaseService.java:127)
	at org.gradle.internal.work.DefaultWorkerLeaseService.runAsWorkerThread(DefaultWorkerLeaseService.java:132)
	at org.gradle.internal.work.DefaultConditionalExecutionQueue$ExecutionRunner.runBatch(DefaultConditionalExecutionQueue.java:164)
	at org.gradle.internal.work.DefaultConditionalExecutionQueue$ExecutionRunner.run(DefaultConditionalExecutionQueue.java:133)
	at java.base/java.util.concurrent.Executors$RunnableAdapter.call(Unknown Source)
	at java.base/java.util.concurrent.FutureTask.run(Unknown Source)
	at org.gradle.internal.concurrent.ExecutorPolicy$CatchAndRecordFailures.onExecute(ExecutorPolicy.java:64)
	at org.gradle.internal.concurrent.AbstractManagedExecutor$1.run(AbstractManagedExecutor.java:48)
	at java.base/java.util.concurrent.ThreadPoolExecutor.runWorker(Unknown Source)
	at java.base/java.util.concurrent.ThreadPoolExecutor$Worker.run(Unknown Source)
	at java.base/java.lang.Thread.run(Unknown Source)
Caused by: java.nio.file.NoSuchFileException: /tmp/kotlin-backups6979070050404202730/6.backup -> /home/hector/AndroidStudioProjects/TheLastOutpost/app/build/tmp/kotlin-classes/debug/com/example/thelastoutpost/ui/GameFragment$renderGame$2.class
	at java.base/sun.nio.fs.UnixException.translateToIOException(UnixException.java:92)
	at java.base/sun.nio.fs.UnixException.rethrowAsIOException(UnixException.java:106)
	at java.base/sun.nio.fs.UnixFileSystem.move(UnixFileSystem.java:939)
	at java.base/sun.nio.fs.UnixFileSystemProvider.move(UnixFileSystemProvider.java:309)
	at java.base/java.nio.file.Files.move(Files.java:1431)
	at org.jetbrains.kotlin.incremental.RecoverableCompilationTransaction.revertChanges(CompilationTransaction.kt:231)
	at org.jetbrains.kotlin.incremental.RecoverableCompilationTransaction.close(CompilationTransaction.kt:256)
	at org.jetbrains.kotlin.incremental.IncrementalCompilerRunner.tryCompileIncrementally(IncrementalCompilerRunner.kt:747)
	at org.jetbrains.kotlin.incremental.IncrementalCompilerRunner.compile(IncrementalCompilerRunner.kt:120)
	at org.jetbrains.kotlin.daemon.CompileServiceImplBase.execIncrementalCompiler(CompileServiceImpl.kt:674)
	at org.jetbrains.kotlin.daemon.CompileServiceImplBase.access$execIncrementalCompiler(CompileServiceImpl.kt:91)
	at org.jetbrains.kotlin.daemon.CompileServiceImpl.compile(CompileServiceImpl.kt:1659)
	at java.base/jdk.internal.reflect.DirectMethodHandleAccessor.invoke(DirectMethodHandleAccessor.java:103)
	at java.base/java.lang.reflect.Method.invoke(Method.java:580)
	at java.rmi/sun.rmi.server.UnicastServerRef.dispatch(UnicastServerRef.java:360)
	at java.rmi/sun.rmi.transport.Transport$1.run(Transport.java:200)
	at java.rmi/sun.rmi.transport.Transport$1.run(Transport.java:197)
	at java.base/java.security.AccessController.doPrivileged(AccessController.java:714)
	at java.rmi/sun.rmi.transport.Transport.serviceCall(Transport.java:196)
	at java.rmi/sun.rmi.transport.tcp.TCPTransport.handleMessages(TCPTransport.java:598)
	at java.rmi/sun.rmi.transport.tcp.TCPTransport$ConnectionHandler.run0(TCPTransport.java:844)
	at java.rmi/sun.rmi.transport.tcp.TCPTransport$ConnectionHandler.lambda$run$0(TCPTransport.java:721)
	at java.base/java.security.AccessController.doPrivileged(AccessController.java:400)
	at java.rmi/sun.rmi.transport.tcp.TCPTransport$ConnectionHandler.run(TCPTransport.java:720)
	at java.base/java.util.concurrent.ThreadPoolExecutor.runWorker(ThreadPoolExecutor.java:1144)
	at java.base/java.util.concurrent.ThreadPoolExecutor$Worker.run(ThreadPoolExecutor.java:642)
	at java.base/java.lang.Thread.run(Thread.java:1583)


